mout.bin: fatal: more than one output file specified: ./travis/test/mout.1.out

